sundar@DN2Sundardesign MINGW32 /e/Sundar/gitDemo/proj (MyBranch)
$ git remote -v
MyRepo  https://github.com/sunmsm/proj.git (fetch)
MyRepo  https://github.com/sunmsm/proj.git (push)
origin  https://github.com/sunmsm/proj.git (fetch)
origin  https://github.com/sunmsm/proj.git (push)

sundar@DN2Sundardesign MINGW32 /e/Sundar/gitDemo/proj (MyBranch)
$ git status
On branch MyBranch
Untracked files:
  (use "git add <file>..." to include in what will be committed)

        Test.txt

nothing added to commit but untracked files present (use "git add" to track)

sundar@DN2Sundardesign MINGW32 /e/Sundar/gitDemo/proj (MyBranch)
$ git add .

sundar@DN2Sundardesign MINGW32 /e/Sundar/gitDemo/proj (MyBranch)
$ git status
On branch MyBranch
Changes to be committed:
  (use "git reset HEAD <file>..." to unstage)

        new file:   Test.txt


sundar@DN2Sundardesign MINGW32 /e/Sundar/gitDemo/proj (MyBranch)
$ git commit
[MyBranch 081327f] Text File
 1 file changed, 1 insertion(+)
 create mode 100644 Test.txt

sundar@DN2Sundardesign MINGW32 /e/Sundar/gitDemo/proj (MyBranch)
$ git status
On branch MyBranch
nothing to commit, working directory clean

sundar@DN2Sundardesign MINGW32 /e/Sundar/gitDemo/proj (MyBranch)
$ git push origin MyBranch
Counting objects: 3, done.
Delta compression using up to 2 threads.
Compressing objects: 100% (2/2), done.
Writing objects: 100% (3/3), 343 bytes | 0 bytes/s, done.
Total 3 (delta 0), reused 0 (delta 0)
To https://github.com/sunmsm/proj.git
   2073a55..081327f  MyBranch -> MyBranch

sundar@DN2Sundardesign MINGW32 /e/Sundar/gitDemo/proj (MyBranch)
$ notepad Test.txt
unix2dos: Test.txt MODE 0100644  (regular file)
unix2dos: using ./d2utmp7l2pwM as temporary file
unix2dos: converting file Test.txt to DOS format...
dos2unix: Test.txt MODE 0100644  (regular file)
dos2unix: using ./d2utmp8p6yM9 as temporary file
dos2unix: converting file Test.txt to Unix format...

sundar@DN2Sundardesign MINGW32 /e/Sundar/gitDemo/proj (MyBranch)
$ git status
On branch MyBranch
Changes not staged for commit:
  (use "git add <file>..." to update what will be committed)
  (use "git checkout -- <file>..." to discard changes in working directory)

        modified:   Test.txt

no changes added to commit (use "git add" and/or "git commit -a")

sundar@DN2Sundardesign MINGW32 /e/Sundar/gitDemo/proj (MyBranch)
$ git add .

sundar@DN2Sundardesign MINGW32 /e/Sundar/gitDemo/proj (MyBranch)
$ git commit
[MyBranch 7203650] Text Added
 1 file changed, 1 insertion(+), 1 deletion(-)

sundar@DN2Sundardesign MINGW32 /e/Sundar/gitDemo/proj (MyBranch)
$ git status
On branch MyBranch
nothing to commit, working directory clean

sundar@DN2Sundardesign MINGW32 /e/Sundar/gitDemo/proj (MyBranch)
$ git push origin MyBranch
Counting objects: 3, done.
Delta compression using up to 2 threads.
Compressing objects: 100% (2/2), done.
Writing objects: 100% (3/3), 267 bytes | 0 bytes/s, done.
Total 3 (delta 1), reused 0 (delta 0)
To https://github.com/sunmsm/proj.git
   081327f..7203650  MyBranch -> MyBranch

sundar@DN2Sundardesign MINGW32 /e/Sundar/gitDemo/proj (MyBranch)
$
----------------------------------------------------------------------------------------------


sundar@DN2Sundardesign MINGW32 /e/Sundar/gitDemo/proj (MyBranch)
$ ls
Create New File.txt  message.txt  New File.txt  Test.txt  Welcome.txt

sundar@DN2Sundardesign MINGW32 /e/Sundar/gitDemo/proj (MyBranch)
$ git status
On branch MyBranch
Untracked files:
  (use "git add <file>..." to include in what will be committed)

        Create New File.txt

nothing added to commit but untracked files present (use "git add" to track)

sundar@DN2Sundardesign MINGW32 /e/Sundar/gitDemo/proj (MyBranch)
$ git add .

sundar@DN2Sundardesign MINGW32 /e/Sundar/gitDemo/proj (MyBranch)
$ git commit
[MyBranch 0ba29f6] New File Create...
 1 file changed, 1 insertion(+)
 create mode 100644 Create New File.txt

sundar@DN2Sundardesign MINGW32 /e/Sundar/gitDemo/proj (MyBranch)
$ git status
On branch MyBranch
nothing to commit, working directory clean

sundar@DN2Sundardesign MINGW32 /e/Sundar/gitDemo/proj (MyBranch)
$ git push -u origin MyBranch
Counting objects: 3, done.
Delta compression using up to 2 threads.
Compressing objects: 100% (2/2), done.
Writing objects: 100% (3/3), 304 bytes | 0 bytes/s, done.
Total 3 (delta 1), reused 0 (delta 0)
To https://github.com/sunmsm/proj.git
   7203650..0ba29f6  MyBranch -> MyBranch
Branch MyBranch set up to track remote branch MyBranch from origin.

sundar@DN2Sundardesign MINGW32 /e/Sundar/gitDemo/proj (MyBranch)
$ git push origin MyBranch
Everything up-to-date

sundar@DN2Sundardesign MINGW32 /e/Sundar/gitDemo/proj (MyBranch)
$ git push -u origin MyBranch
Branch MyBranch set up to track remote branch MyBranch from origin.
Everything up-to-date

sundar@DN2Sundardesign MINGW32 /e/Sundar/gitDemo/proj (MyBranch)
$
------------------------------------------------------------------------------------------------
Clone a specific Git branch [duplicate]
=======================================

sundar@DN2Sundardesign MINGW32 /e/Sundar/gitDemo/proj (MyBranch)
$ git clone -b MyBranch https://github.com/sunmsm/proj
Cloning into 'proj'...
remote: Counting objects: 25, done.
remote: Compressing objects: 100% (14/14), done.
remote: Total 25 (delta 5), reused 15 (delta 2), pack-reused 0
Unpacking objects: 100% (25/25), done.
Checking connectivity... done.

sundar@DN2Sundardesign MINGW32 /e/Sundar/gitDemo/proj (MyBranch)
$ git clone -b master https://github.com/sunmsm/proj/
Cloning into 'proj'...
remote: Counting objects: 25, done.
remote: Compressing objects: 100% (14/14), done.
remote: Total 25 (delta 5), reused 15 (delta 2), pack-reused 0
Unpacking objects: 100% (25/25), done.
Checking connectivity... done.

sundar@DN2Sundardesign MINGW32 /e/Sundar/gitDemo/proj (MyBranch)
$

----------------------------------------------------------------------------------------------------
Checkout the branch that you want

sundar@DN2Sundardesign MINGW32 /e/Sundar/gitDemo/proj (MyBranch)
$ git status
On branch MyBranch
Your branch is behind 'origin/MyBranch' by 1 commit, and can be fast-forwarded.
  (use "git pull" to update your local branch)
Untracked files:
  (use "git add <file>..." to include in what will be committed)

        __proj/
        _proj/

nothing added to commit but untracked files present (use "git add" to track)

sundar@DN2Sundardesign MINGW32 /e/Sundar/gitDemo/proj (MyBranch)
$ git checkout master
Switched to branch 'master'
Your branch and 'origin/master' have diverged,
and have 1 and 2 different commits each, respectively.
  (use "git pull" to merge the remote branch into yours)

sundar@DN2Sundardesign MINGW32 /e/Sundar/gitDemo/proj (master)

----------------------------------------------------------------------------------------------

PUSH FILE TO GITHUB

sundar@DN2Sundardesign MINGW32 /e/Sundar/gitDemo/proj (master)
$ git checkout MyBranch
Switched to branch 'MyBranch'
Your branch and 'origin/MyBranch' have diverged,
and have 1 and 1 different commit each, respectively.
  (use "git pull" to merge the remote branch into yours)

sundar@DN2Sundardesign MINGW32 /e/Sundar/gitDemo/proj (MyBranch)
$ git pull
Merge made by the 'recursive' strategy.
 gmail-txt | 1 +
 1 file changed, 1 insertion(+)
 create mode 100644 gmail-txt

sundar@DN2Sundardesign MINGW32 /e/Sundar/gitDemo/proj (MyBranch)
$ git status
On branch MyBranch
Your branch is ahead of 'origin/MyBranch' by 2 commits.
  (use "git push" to publish your local commits)
nothing to commit, working directory clean

sundar@DN2Sundardesign MINGW32 /e/Sundar/gitDemo/proj (MyBranch)
$ git remote
MyRepo
origin

sundar@DN2Sundardesign MINGW32 /e/Sundar/gitDemo/proj (MyBranch)
$ git push origin MyBranch
Counting objects: 5, done.
Delta compression using up to 2 threads.
Compressing objects: 100% (4/4), done.
Writing objects: 100% (5/5), 568 bytes | 0 bytes/s, done.
Total 5 (delta 2), reused 0 (delta 0)
To https://github.com/sunmsm/proj.git
   18f43e0..0ebb648  MyBranch -> MyBranch

sundar@DN2Sundardesign MINGW32 /e/Sundar/gitDemo/proj (MyBranch)
$
--------------------------------------------------------------------------------------------------
Deleting a local branch:

sundar@DN2Sundardesign MINGW32 /e/Sundar/gitDemo/proj (MyBranch)
$ git branch -D master
Deleted branch master (was e97e3ed).
---------------------------------------------------------------------------------------------------
GIT PUSH FILE TO SERVER

sundar@DN2Sundardesign MINGW32 /e/Sundar/gitDemo/proj (MyBranch)
$ git status
On branch MyBranch
Your branch is up-to-date with 'origin/MyBranch'.
Untracked files:
  (use "git add <file>..." to include in what will be committed)

        Git.txt

nothing added to commit but untracked files present (use "git add" to track)

sundar@DN2Sundardesign MINGW32 /e/Sundar/gitDemo/proj (MyBranch)
$ git add .

sundar@DN2Sundardesign MINGW32 /e/Sundar/gitDemo/proj (MyBranch)
$ git status
On branch MyBranch
Your branch is up-to-date with 'origin/MyBranch'.
Changes to be committed:
  (use "git reset HEAD <file>..." to unstage)

        new file:   Git.txt


sundar@DN2Sundardesign MINGW32 /e/Sundar/gitDemo/proj (MyBranch)
$ git commit
[MyBranch 480c369] New File Created
 1 file changed, 247 insertions(+)
 create mode 100644 Git.txt

sundar@DN2Sundardesign MINGW32 /e/Sundar/gitDemo/proj (MyBranch)
$ git status
On branch MyBranch
Your branch is ahead of 'origin/MyBranch' by 1 commit.
  (use "git push" to publish your local commits)
nothing to commit, working directory clean

sundar@DN2Sundardesign MINGW32 /e/Sundar/gitDemo/proj (MyBranch)
$ git remote
MyRepo
origin

sundar@DN2Sundardesign MINGW32 /e/Sundar/gitDemo/proj (MyBranch)
$ git push origin MyBranch
Counting objects: 3, done.
Delta compression using up to 2 threads.
Compressing objects: 100% (3/3), done.
Writing objects: 100% (3/3), 1.71 KiB | 0 bytes/s, done.
Total 3 (delta 1), reused 0 (delta 0)
To https://github.com/sunmsm/proj.git
   0ebb648..480c369  MyBranch -> MyBranch

-----------------------------------------------------------------------------------------------

GIT PUSH FILE TO SERVER

sundar@DN2Sundardesign MINGW32 /e/Sundar/gitDemo/proj (MyBranch)
$ git status
On branch MyBranch
Your branch is up-to-date with 'origin/MyBranch'.
Changes not staged for commit:
  (use "git add <file>..." to update what will be committed)
  (use "git checkout -- <file>..." to discard changes in working directory)

        modified:   Git.txt

no changes added to commit (use "git add" and/or "git commit -a")

sundar@DN2Sundardesign MINGW32 /e/Sundar/gitDemo/proj (MyBranch)
$ git add .

sundar@DN2Sundardesign MINGW32 /e/Sundar/gitDemo/proj (MyBranch)
$ git status
On branch MyBranch
Your branch is up-to-date with 'origin/MyBranch'.
Changes to be committed:
  (use "git reset HEAD <file>..." to unstage)

        modified:   Git.txt


sundar@DN2Sundardesign MINGW32 /e/Sundar/gitDemo/proj (MyBranch)
$ git commit
[MyBranch 1deee50] GIT file Modified
 1 file changed, 55 insertions(+)

sundar@DN2Sundardesign MINGW32 /e/Sundar/gitDemo/proj (MyBranch)
$ git status
On branch MyBranch
Your branch is ahead of 'origin/MyBranch' by 1 commit.
  (use "git push" to publish your local commits)
nothing to commit, working directory clean

sundar@DN2Sundardesign MINGW32 /e/Sundar/gitDemo/proj (MyBranch)
$ git remote
MyRepo
origin

sundar@DN2Sundardesign MINGW32 /e/Sundar/gitDemo/proj (MyBranch)
$ git push MyRepo MyBranch
Counting objects: 3, done.
Delta compression using up to 2 threads.
Compressing objects: 100% (3/3), done.
Writing objects: 100% (3/3), 528 bytes | 0 bytes/s, done.
Total 3 (delta 2), reused 0 (delta 0)
To https://github.com/sunmsm/proj.git
   480c369..1deee50  MyBranch -> MyBranch

sundar@DN2Sundardesign MINGW32 /e/Sundar/gitDemo/proj (MyBranch)
$ git remote -v
MyRepo  https://github.com/sunmsm/proj.git (fetch)
MyRepo  https://github.com/sunmsm/proj.git (push)
origin  https://github.com/sunmsm/proj.git (fetch)
origin  https://github.com/sunmsm/proj.git (push)

========================================================================
ERROR RECTIFIED

sundar@DN2Sundardesign MINGW32 /e/Sundar/gitDemo/proj (MyBranch)
$ git push origin MyBranch
To https://github.com/sunmsm/proj.git
 ! [rejected]        MyBranch -> MyBranch (fetch first)
error: failed to push some refs to 'https://github.com/sunmsm/proj.git'
hint: Updates were rejected because the remote contains work that you do
hint: not have locally. This is usually caused by another repository pushing
hint: to the same ref. You may want to first integrate the remote changes
hint: (e.g., 'git pull ...') before pushing again.
hint: See the 'Note about fast-forwards' in 'git push --help' for details.

sundar@DN2Sundardesign MINGW32 /e/Sundar/gitDemo/proj (MyBranch)
$ git pull
remote: Counting objects: 3, done.
remote: Compressing objects: 100% (2/2), done.
remote: Total 3 (delta 1), reused 0 (delta 0), pack-reused 0
Unpacking objects: 100% (3/3), done.
From https://github.com/sunmsm/proj
   1d88736..50f488a  MyBranch   -> origin/MyBranch
Merge made by the 'recursive' strategy.
 suProject.html | 2 ++
 1 file changed, 2 insertions(+)
 create mode 100644 suProject.html

sundar@DN2Sundardesign MINGW32 /e/Sundar/gitDemo/proj (MyBranch)
$ git status
On branch MyBranch
Your branch is ahead of 'origin/MyBranch' by 2 commits.
  (use "git push" to publish your local commits)
nothing to commit, working directory clean

sundar@DN2Sundardesign MINGW32 /e/Sundar/gitDemo/proj (MyBranch)
$ git remote
MyRepo
origin

sundar@DN2Sundardesign MINGW32 /e/Sundar/gitDemo/proj (MyBranch)
$ git push origin MyBranch
Counting objects: 5, done.
Delta compression using up to 2 threads.
Compressing objects: 100% (5/5), done.
Writing objects: 100% (5/5), 551 bytes | 0 bytes/s, done.
Total 5 (delta 3), reused 0 (delta 0)
To https://github.com/sunmsm/proj.git
   50f488a..a8aba83  MyBranch -> MyBranch
=================================================================================================

FINAL CONCLUSION - PUSH FILES TO STAGING (MyBranch)

sundar@DN2Sundardesign MINGW32 /e/Sundar/gitDemo/proj (MyBranch)
$ git status
On branch MyBranch
Your branch is up-to-date with 'origin/MyBranch'.
Changes not staged for commit:
  (use "git add <file>..." to update what will be committed)
  (use "git checkout -- <file>..." to discard changes in working directory)

        modified:   Git.txt

no changes added to commit (use "git add" and/or "git commit -a")

sundar@DN2Sundardesign MINGW32 /e/Sundar/gitDemo/proj (MyBranch)
$ git add .
warning: LF will be replaced by CRLF in Git.txt.
The file will have its original line endings in your working directory.

sundar@DN2Sundardesign MINGW32 /e/Sundar/gitDemo/proj (MyBranch)
$ git status
warning: LF will be replaced by CRLF in Git.txt.
The file will have its original line endings in your working directory.
On branch MyBranch
Your branch is up-to-date with 'origin/MyBranch'.
Changes to be committed:
  (use "git reset HEAD <file>..." to unstage)

        modified:   Git.txt


sundar@DN2Sundardesign MINGW32 /e/Sundar/gitDemo/proj (MyBranch)
$ git remote
MyRepo
origin

sundar@DN2Sundardesign MINGW32 /e/Sundar/gitDemo/proj (MyBranch)
$ git push origin MyBranch
Everything up-to-date

sundar@DN2Sundardesign MINGW32 /e/Sundar/gitDemo/proj (MyBranch)
$ git commit
warning: LF will be replaced by CRLF in Git.txt.
The file will have its original line endings in your working directory.
[MyBranch warning: LF will be replaced by CRLF in Git.txt.
The file will have its original line endings in your working directory.
5a3f94d] Changes Made...
warning: LF will be replaced by CRLF in Git.txt.
The file will have its original line endings in your working directory.
 1 file changed, 49 insertions(+)

sundar@DN2Sundardesign MINGW32 /e/Sundar/gitDemo/proj (MyBranch)
$ git push origin MyBranch
Counting objects: 3, done.
Delta compression using up to 2 threads.
Compressing objects: 100% (3/3), done.
Writing objects: 100% (3/3), 809 bytes | 0 bytes/s, done.
Total 3 (delta 2), reused 0 (delta 0)
To https://github.com/sunmsm/proj.git
   a8aba83..5a3f94d  MyBranch -> MyBranch

------------------------------------------------------------------------------------------

Switch Branch - Files modified in the Folder

sundar@DN2Sundardesign MINGW32 /e/Sundar/gitDemo/proj (MyBranch)
$ git status
On branch MyBranch
Your branch is up-to-date with 'origin/MyBranch'.
nothing to commit, working directory clean

sundar@DN2Sundardesign MINGW32 /e/Sundar/gitDemo/proj (MyBranch)
$ touch logoff.txt

sundar@DN2Sundardesign MINGW32 /e/Sundar/gitDemo/proj (MyBranch)
$ git status
On branch MyBranch
Your branch is up-to-date with 'origin/MyBranch'.
Untracked files:
  (use "git add <file>..." to include in what will be committed)

        logoff.txt

nothing added to commit but untracked files present (use "git add" to track)

sundar@DN2Sundardesign MINGW32 /e/Sundar/gitDemo/proj (MyBranch)
$ git add .

sundar@DN2Sundardesign MINGW32 /e/Sundar/gitDemo/proj (MyBranch)
$ git status
On branch MyBranch
Your branch is up-to-date with 'origin/MyBranch'.
Changes to be committed:
  (use "git reset HEAD <file>..." to unstage)

        new file:   logoff.txt


sundar@DN2Sundardesign MINGW32 /e/Sundar/gitDemo/proj (MyBranch)
$ git commit
[MyBranch 0dcf2b7] create logoff
 1 file changed, 0 insertions(+), 0 deletions(-)
 create mode 100644 logoff.txt

sundar@DN2Sundardesign MINGW32 /e/Sundar/gitDemo/proj (MyBranch)
$ git status
On branch MyBranch
Your branch is ahead of 'origin/MyBranch' by 1 commit.
  (use "git push" to publish your local commits)
nothing to commit, working directory clean

sundar@DN2Sundardesign MINGW32 /e/Sundar/gitDemo/proj (MyBranch)
$ git remote
MyRepo
origin

sundar@DN2Sundardesign MINGW32 /e/Sundar/gitDemo/proj (MyBranch)
$ git push origin MyBranch
fatal: unable to access 'https://github.com/sunmsm/proj.git/': Couldn't resolve host 'github.com'

sundar@DN2Sundardesign MINGW32 /e/Sundar/gitDemo/proj (MyBranch)
$ git push origin MyBranch
Counting objects: 2, done.
Delta compression using up to 2 threads.
Compressing objects: 100% (2/2), done.
Writing objects: 100% (2/2), 236 bytes | 0 bytes/s, done.
Total 2 (delta 1), reused 0 (delta 0)
To https://github.com/sunmsm/proj.git
   7184bfb..0dcf2b7  MyBranch -> MyBranch

sundar@DN2Sundardesign MINGW32 /e/Sundar/gitDemo/proj (MyBranch)
$ ls
__proj/              Git.txt    logoff.txt    suProject.html
_proj/               gmail-txt  message.txt   Test.txt
Create New File.txt  Hey.txt    New File.txt  Welcome.txt

sundar@DN2Sundardesign MINGW32 /e/Sundar/gitDemo/proj (MyBranch)
$ git checkout master
Branch master set up to track remote branch master from origin.
Switched to a new branch 'master'

sundar@DN2Sundardesign MINGW32 /e/Sundar/gitDemo/proj (master)
$ ls
Welcome.txt

sundar@DN2Sundardesign MINGW32 /e/Sundar/gitDemo/proj (master)
$ git checkout MyBranch
Switched to branch 'MyBranch'
Your branch is up-to-date with 'origin/MyBranch'.

sundar@DN2Sundardesign MINGW32 /e/Sundar/gitDemo/proj (MyBranch)
$ git checkout master
Switched to branch 'master'
Your branch is up-to-date with 'origin/master'.

sundar@DN2Sundardesign MINGW32 /e/Sundar/gitDemo/proj (master)
$ git checkout MyBranch
Switched to branch 'MyBranch'
Your branch is up-to-date with 'origin/MyBranch'.

sundar@DN2Sundardesign MINGW32 /e/Sundar/gitDemo/proj (MyBranch)

